// Jest Snapshot v1, https://goo.gl/fbAQLP

exports[`<App /> matches snapshot 1`] = `
<body>
  <div>
    <div
      class="text-center"
    >
      <header />
      <main
        class="bg-sky-900 text-white min-h-screen flex flex-col items-center justify-center content-center"
      >
        <ul />
      </main>
    </div>
  </div>
</body>
`;
