// Jest Snapshot v1, https://goo.gl/fbAQLP

exports[`<PractitionerFeedListItem /> matches snapshot 1`] = `
<body>
  <div>
    <li>
      <div
        class="MuiPaper-root MuiPaper-elevation MuiPaper-rounded MuiPaper-elevation1 MuiCard-root text-left mb-5 bg-white text-black p-3 rounded-2xl px-10 drop-shadow-md css-bhp9pd-MuiPaper-root-MuiCard-root"
      >
        <div
          class="flex justify-between mb-2"
        >
          <div
            class="MuiListItemText-root css-tlelie-MuiListItemText-root"
          >
            <span
              class="MuiTypography-root MuiTypography-body1 MuiListItemText-primary css-10hburv-MuiTypography-root"
            >
              Address
              :
            </span>
          </div>
          <p>
            address
          </p>
        </div>
        <div
          class="flex justify-between mb-2"
        >
          <div
            class="MuiListItemText-root css-tlelie-MuiListItemText-root"
          >
            <span
              class="MuiTypography-root MuiTypography-body1 MuiListItemText-primary css-10hburv-MuiTypography-root"
            >
              Email
              :
            </span>
          </div>
          <p>
            email
          </p>
        </div>
        <div
          class="flex justify-between mb-2"
        >
          <div
            class="MuiListItemText-root css-tlelie-MuiListItemText-root"
          >
            <span
              class="MuiTypography-root MuiTypography-body1 MuiListItemText-primary css-10hburv-MuiTypography-root"
            >
              Fax
              :
            </span>
          </div>
          <p>
            fax
          </p>
        </div>
        <div
          class="flex justify-between mb-2"
        >
          <div
            class="MuiListItemText-root css-tlelie-MuiListItemText-root"
          >
            <span
              class="MuiTypography-root MuiTypography-body1 MuiListItemText-primary css-10hburv-MuiTypography-root"
            >
              First name
              :
            </span>
          </div>
          <p>
            first-name
          </p>
        </div>
        <div
          class="flex justify-between mb-2"
        >
          <div
            class="MuiListItemText-root css-tlelie-MuiListItemText-root"
          >
            <span
              class="MuiTypography-root MuiTypography-body1 MuiListItemText-primary css-10hburv-MuiTypography-root"
            >
              Id
              :
            </span>
          </div>
          <p>
            unique-id
          </p>
        </div>
        <div
          class="flex justify-between mb-2"
        >
          <div
            class="MuiListItemText-root css-tlelie-MuiListItemText-root"
          >
            <span
              class="MuiTypography-root MuiTypography-body1 MuiListItemText-primary css-10hburv-MuiTypography-root"
            >
              Last name
              :
            </span>
          </div>
          <p>
            last-name
          </p>
        </div>
        <div
          class="flex justify-between mb-2"
        >
          <div
            class="MuiListItemText-root css-tlelie-MuiListItemText-root"
          >
            <span
              class="MuiTypography-root MuiTypography-body1 MuiListItemText-primary css-10hburv-MuiTypography-root"
            >
              Phone
              :
            </span>
          </div>
          <p>
            phone
          </p>
        </div>
        <button
          class="MuiButtonBase-root MuiButton-root MuiButton-text MuiButton-textPrimary MuiButton-sizeMedium MuiButton-textSizeMedium MuiButton-root MuiButton-text MuiButton-textPrimary MuiButton-sizeMedium MuiButton-textSizeMedium css-1e6y48t-MuiButtonBase-root-MuiButton-root"
          tabindex="0"
          type="button"
        >
          Edit
          <span
            class="MuiTouchRipple-root css-8je8zh-MuiTouchRipple-root"
          />
        </button>
      </div>
    </li>
  </div>
</body>
`;
