// Jest Snapshot v1, https://goo.gl/fbAQLP

exports[`<PractitionerFeed /> matches snapshot 1`] = `
<body>
  <div>
    <ul>
      <li
        class="text-left mb-5 bg-white text-black p-3 rounded-2xl px-10 drop-shadow-md hover:bg-gray-100"
      >
        <h1
          class="text-xl font-bold"
        >
          Practitioner
           #
          1
        </h1>
        <ul>
          <li>
            <p>
              ID: 
              6ba911c4-b549-4cd5-9ac4-7172ae5a5d88
            </p>
          </li>
          <li>
            <p>
              Last Updated: 
              2022-06-13
            </p>
          </li>
          <li>
            <a
              class="hover:text-amber-300 block text-blue-600"
              href="mailto:Gabriella58@hotmail.com"
            >
              Gabriella58@hotmail.com
            </a>
          </li>
          <li>
            <a
              class="hover:text-amber-300 block text-blue-600"
              href="http://shallow-gastropod.org"
            >
              Website
            </a>
          </li>
        </ul>
      </li>
      <li
        class="text-left mb-5 bg-white text-black p-3 rounded-2xl px-10 drop-shadow-md hover:bg-gray-100"
      >
        <h1
          class="text-xl font-bold"
        >
          Practitioner
           #
          2
        </h1>
        <ul>
          <li>
            <p>
              ID: 
              6ba911c4-b549-4cd5-9ac4-7172ae5a5d88
            </p>
          </li>
          <li>
            <p>
              Last Updated: 
              2022-06-13
            </p>
          </li>
          <li>
            <a
              class="hover:text-amber-300 block text-blue-600"
              href="mailto:Gabriella58@hotmail.com"
            >
              Gabriella58@hotmail.com
            </a>
          </li>
          <li>
            <a
              class="hover:text-amber-300 block text-blue-600"
              href="http://shallow-gastropod.org"
            >
              Website
            </a>
          </li>
        </ul>
      </li>
      <li
        class="text-left mb-5 bg-white text-black p-3 rounded-2xl px-10 drop-shadow-md hover:bg-gray-100"
      >
        <h1
          class="text-xl font-bold"
        >
          Practitioner
           #
          3
        </h1>
        <ul>
          <li>
            <p>
              ID: 
              6ba911c4-b549-4cd5-9ac4-7172ae5a5d88
            </p>
          </li>
          <li>
            <p>
              Last Updated: 
              2022-06-13
            </p>
          </li>
          <li>
            <a
              class="hover:text-amber-300 block text-blue-600"
              href="mailto:Gabriella58@hotmail.com"
            >
              Gabriella58@hotmail.com
            </a>
          </li>
          <li>
            <a
              class="hover:text-amber-300 block text-blue-600"
              href="http://shallow-gastropod.org"
            >
              Website
            </a>
          </li>
        </ul>
      </li>
      <li
        class="text-left mb-5 bg-white text-black p-3 rounded-2xl px-10 drop-shadow-md hover:bg-gray-100"
      >
        <h1
          class="text-xl font-bold"
        >
          Practitioner
           #
          4
        </h1>
        <ul>
          <li>
            <p>
              ID: 
              6ba911c4-b549-4cd5-9ac4-7172ae5a5d88
            </p>
          </li>
          <li>
            <p>
              Last Updated: 
              2022-06-13
            </p>
          </li>
          <li>
            <a
              class="hover:text-amber-300 block text-blue-600"
              href="mailto:Gabriella58@hotmail.com"
            >
              Gabriella58@hotmail.com
            </a>
          </li>
          <li>
            <a
              class="hover:text-amber-300 block text-blue-600"
              href="http://shallow-gastropod.org"
            >
              Website
            </a>
          </li>
        </ul>
      </li>
      <li
        class="text-left mb-5 bg-white text-black p-3 rounded-2xl px-10 drop-shadow-md hover:bg-gray-100"
      >
        <h1
          class="text-xl font-bold"
        >
          Practitioner
           #
          5
        </h1>
        <ul>
          <li>
            <p>
              ID: 
              6ba911c4-b549-4cd5-9ac4-7172ae5a5d88
            </p>
          </li>
          <li>
            <p>
              Last Updated: 
              2022-06-13
            </p>
          </li>
          <li>
            <a
              class="hover:text-amber-300 block text-blue-600"
              href="mailto:Gabriella58@hotmail.com"
            >
              Gabriella58@hotmail.com
            </a>
          </li>
          <li>
            <a
              class="hover:text-amber-300 block text-blue-600"
              href="http://shallow-gastropod.org"
            >
              Website
            </a>
          </li>
        </ul>
      </li>
      <li
        class="text-left mb-5 bg-white text-black p-3 rounded-2xl px-10 drop-shadow-md hover:bg-gray-100"
      >
        <h1
          class="text-xl font-bold"
        >
          Practitioner
           #
          6
        </h1>
        <ul>
          <li>
            <p>
              ID: 
              6ba911c4-b549-4cd5-9ac4-7172ae5a5d88
            </p>
          </li>
          <li>
            <p>
              Last Updated: 
              2022-06-13
            </p>
          </li>
          <li>
            <a
              class="hover:text-amber-300 block text-blue-600"
              href="mailto:Gabriella58@hotmail.com"
            >
              Gabriella58@hotmail.com
            </a>
          </li>
          <li>
            <a
              class="hover:text-amber-300 block text-blue-600"
              href="http://shallow-gastropod.org"
            >
              Website
            </a>
          </li>
        </ul>
      </li>
      <li
        class="text-left mb-5 bg-white text-black p-3 rounded-2xl px-10 drop-shadow-md hover:bg-gray-100"
      >
        <h1
          class="text-xl font-bold"
        >
          Practitioner
           #
          7
        </h1>
        <ul>
          <li>
            <p>
              ID: 
              6ba911c4-b549-4cd5-9ac4-7172ae5a5d88
            </p>
          </li>
          <li>
            <p>
              Last Updated: 
              2022-06-13
            </p>
          </li>
          <li>
            <a
              class="hover:text-amber-300 block text-blue-600"
              href="mailto:Gabriella58@hotmail.com"
            >
              Gabriella58@hotmail.com
            </a>
          </li>
          <li>
            <a
              class="hover:text-amber-300 block text-blue-600"
              href="http://shallow-gastropod.org"
            >
              Website
            </a>
          </li>
        </ul>
      </li>
      <li
        class="text-left mb-5 bg-white text-black p-3 rounded-2xl px-10 drop-shadow-md hover:bg-gray-100"
      >
        <h1
          class="text-xl font-bold"
        >
          Practitioner
           #
          8
        </h1>
        <ul>
          <li>
            <p>
              ID: 
              6ba911c4-b549-4cd5-9ac4-7172ae5a5d88
            </p>
          </li>
          <li>
            <p>
              Last Updated: 
              2022-06-13
            </p>
          </li>
          <li>
            <a
              class="hover:text-amber-300 block text-blue-600"
              href="mailto:Gabriella58@hotmail.com"
            >
              Gabriella58@hotmail.com
            </a>
          </li>
          <li>
            <a
              class="hover:text-amber-300 block text-blue-600"
              href="http://shallow-gastropod.org"
            >
              Website
            </a>
          </li>
        </ul>
      </li>
      <li
        class="text-left mb-5 bg-white text-black p-3 rounded-2xl px-10 drop-shadow-md hover:bg-gray-100"
      >
        <h1
          class="text-xl font-bold"
        >
          Practitioner
           #
          9
        </h1>
        <ul>
          <li>
            <p>
              ID: 
              6ba911c4-b549-4cd5-9ac4-7172ae5a5d88
            </p>
          </li>
          <li>
            <p>
              Last Updated: 
              2022-06-13
            </p>
          </li>
          <li>
            <a
              class="hover:text-amber-300 block text-blue-600"
              href="mailto:Gabriella58@hotmail.com"
            >
              Gabriella58@hotmail.com
            </a>
          </li>
          <li>
            <a
              class="hover:text-amber-300 block text-blue-600"
              href="http://shallow-gastropod.org"
            >
              Website
            </a>
          </li>
        </ul>
      </li>
      <li
        class="text-left mb-5 bg-white text-black p-3 rounded-2xl px-10 drop-shadow-md hover:bg-gray-100"
      >
        <h1
          class="text-xl font-bold"
        >
          Practitioner
           #
          10
        </h1>
        <ul>
          <li>
            <p>
              ID: 
              6ba911c4-b549-4cd5-9ac4-7172ae5a5d88
            </p>
          </li>
          <li>
            <p>
              Last Updated: 
              2022-06-13
            </p>
          </li>
          <li>
            <a
              class="hover:text-amber-300 block text-blue-600"
              href="mailto:Gabriella58@hotmail.com"
            >
              Gabriella58@hotmail.com
            </a>
          </li>
          <li>
            <a
              class="hover:text-amber-300 block text-blue-600"
              href="http://shallow-gastropod.org"
            >
              Website
            </a>
          </li>
        </ul>
      </li>
      <li
        class="text-left mb-5 bg-white text-black p-3 rounded-2xl px-10 drop-shadow-md hover:bg-gray-100"
      >
        <h1
          class="text-xl font-bold"
        >
          Practitioner
           #
          11
        </h1>
        <ul>
          <li>
            <p>
              ID: 
              6ba911c4-b549-4cd5-9ac4-7172ae5a5d88
            </p>
          </li>
          <li>
            <p>
              Last Updated: 
              2022-06-13
            </p>
          </li>
          <li>
            <a
              class="hover:text-amber-300 block text-blue-600"
              href="mailto:Gabriella58@hotmail.com"
            >
              Gabriella58@hotmail.com
            </a>
          </li>
          <li>
            <a
              class="hover:text-amber-300 block text-blue-600"
              href="http://shallow-gastropod.org"
            >
              Website
            </a>
          </li>
        </ul>
      </li>
      <li
        class="text-left mb-5 bg-white text-black p-3 rounded-2xl px-10 drop-shadow-md hover:bg-gray-100"
      >
        <h1
          class="text-xl font-bold"
        >
          Practitioner
           #
          12
        </h1>
        <ul>
          <li>
            <p>
              ID: 
              6ba911c4-b549-4cd5-9ac4-7172ae5a5d88
            </p>
          </li>
          <li>
            <p>
              Last Updated: 
              2022-06-13
            </p>
          </li>
          <li>
            <a
              class="hover:text-amber-300 block text-blue-600"
              href="mailto:Gabriella58@hotmail.com"
            >
              Gabriella58@hotmail.com
            </a>
          </li>
          <li>
            <a
              class="hover:text-amber-300 block text-blue-600"
              href="http://shallow-gastropod.org"
            >
              Website
            </a>
          </li>
        </ul>
      </li>
      <li
        class="text-left mb-5 bg-white text-black p-3 rounded-2xl px-10 drop-shadow-md hover:bg-gray-100"
      >
        <h1
          class="text-xl font-bold"
        >
          Practitioner
           #
          13
        </h1>
        <ul>
          <li>
            <p>
              ID: 
              6ba911c4-b549-4cd5-9ac4-7172ae5a5d88
            </p>
          </li>
          <li>
            <p>
              Last Updated: 
              2022-06-13
            </p>
          </li>
          <li>
            <a
              class="hover:text-amber-300 block text-blue-600"
              href="mailto:Gabriella58@hotmail.com"
            >
              Gabriella58@hotmail.com
            </a>
          </li>
          <li>
            <a
              class="hover:text-amber-300 block text-blue-600"
              href="http://shallow-gastropod.org"
            >
              Website
            </a>
          </li>
        </ul>
      </li>
      <li
        class="text-left mb-5 bg-white text-black p-3 rounded-2xl px-10 drop-shadow-md hover:bg-gray-100"
      >
        <h1
          class="text-xl font-bold"
        >
          Practitioner
           #
          14
        </h1>
        <ul>
          <li>
            <p>
              ID: 
              6ba911c4-b549-4cd5-9ac4-7172ae5a5d88
            </p>
          </li>
          <li>
            <p>
              Last Updated: 
              2022-06-13
            </p>
          </li>
          <li>
            <a
              class="hover:text-amber-300 block text-blue-600"
              href="mailto:Gabriella58@hotmail.com"
            >
              Gabriella58@hotmail.com
            </a>
          </li>
          <li>
            <a
              class="hover:text-amber-300 block text-blue-600"
              href="http://shallow-gastropod.org"
            >
              Website
            </a>
          </li>
        </ul>
      </li>
      <li
        class="text-left mb-5 bg-white text-black p-3 rounded-2xl px-10 drop-shadow-md hover:bg-gray-100"
      >
        <h1
          class="text-xl font-bold"
        >
          Practitioner
           #
          15
        </h1>
        <ul>
          <li>
            <p>
              ID: 
              6ba911c4-b549-4cd5-9ac4-7172ae5a5d88
            </p>
          </li>
          <li>
            <p>
              Last Updated: 
              2022-06-13
            </p>
          </li>
          <li>
            <a
              class="hover:text-amber-300 block text-blue-600"
              href="mailto:Gabriella58@hotmail.com"
            >
              Gabriella58@hotmail.com
            </a>
          </li>
          <li>
            <a
              class="hover:text-amber-300 block text-blue-600"
              href="http://shallow-gastropod.org"
            >
              Website
            </a>
          </li>
        </ul>
      </li>
      <li
        class="text-left mb-5 bg-white text-black p-3 rounded-2xl px-10 drop-shadow-md hover:bg-gray-100"
      >
        <h1
          class="text-xl font-bold"
        >
          Practitioner
           #
          16
        </h1>
        <ul>
          <li>
            <p>
              ID: 
              6ba911c4-b549-4cd5-9ac4-7172ae5a5d88
            </p>
          </li>
          <li>
            <p>
              Last Updated: 
              2022-06-13
            </p>
          </li>
          <li>
            <a
              class="hover:text-amber-300 block text-blue-600"
              href="mailto:Gabriella58@hotmail.com"
            >
              Gabriella58@hotmail.com
            </a>
          </li>
          <li>
            <a
              class="hover:text-amber-300 block text-blue-600"
              href="http://shallow-gastropod.org"
            >
              Website
            </a>
          </li>
        </ul>
      </li>
      <li
        class="text-left mb-5 bg-white text-black p-3 rounded-2xl px-10 drop-shadow-md hover:bg-gray-100"
      >
        <h1
          class="text-xl font-bold"
        >
          Practitioner
           #
          17
        </h1>
        <ul>
          <li>
            <p>
              ID: 
              6ba911c4-b549-4cd5-9ac4-7172ae5a5d88
            </p>
          </li>
          <li>
            <p>
              Last Updated: 
              2022-06-13
            </p>
          </li>
          <li>
            <a
              class="hover:text-amber-300 block text-blue-600"
              href="mailto:Gabriella58@hotmail.com"
            >
              Gabriella58@hotmail.com
            </a>
          </li>
          <li>
            <a
              class="hover:text-amber-300 block text-blue-600"
              href="http://shallow-gastropod.org"
            >
              Website
            </a>
          </li>
        </ul>
      </li>
      <li
        class="text-left mb-5 bg-white text-black p-3 rounded-2xl px-10 drop-shadow-md hover:bg-gray-100"
      >
        <h1
          class="text-xl font-bold"
        >
          Practitioner
           #
          18
        </h1>
        <ul>
          <li>
            <p>
              ID: 
              6ba911c4-b549-4cd5-9ac4-7172ae5a5d88
            </p>
          </li>
          <li>
            <p>
              Last Updated: 
              2022-06-13
            </p>
          </li>
          <li>
            <a
              class="hover:text-amber-300 block text-blue-600"
              href="mailto:Gabriella58@hotmail.com"
            >
              Gabriella58@hotmail.com
            </a>
          </li>
          <li>
            <a
              class="hover:text-amber-300 block text-blue-600"
              href="http://shallow-gastropod.org"
            >
              Website
            </a>
          </li>
        </ul>
      </li>
      <li
        class="text-left mb-5 bg-white text-black p-3 rounded-2xl px-10 drop-shadow-md hover:bg-gray-100"
      >
        <h1
          class="text-xl font-bold"
        >
          Practitioner
           #
          19
        </h1>
        <ul>
          <li>
            <p>
              ID: 
              6ba911c4-b549-4cd5-9ac4-7172ae5a5d88
            </p>
          </li>
          <li>
            <p>
              Last Updated: 
              2022-06-13
            </p>
          </li>
          <li>
            <a
              class="hover:text-amber-300 block text-blue-600"
              href="mailto:Gabriella58@hotmail.com"
            >
              Gabriella58@hotmail.com
            </a>
          </li>
          <li>
            <a
              class="hover:text-amber-300 block text-blue-600"
              href="http://shallow-gastropod.org"
            >
              Website
            </a>
          </li>
        </ul>
      </li>
      <li
        class="text-left mb-5 bg-white text-black p-3 rounded-2xl px-10 drop-shadow-md hover:bg-gray-100"
      >
        <h1
          class="text-xl font-bold"
        >
          Practitioner
           #
          20
        </h1>
        <ul>
          <li>
            <p>
              ID: 
              6ba911c4-b549-4cd5-9ac4-7172ae5a5d88
            </p>
          </li>
          <li>
            <p>
              Last Updated: 
              2022-06-13
            </p>
          </li>
          <li>
            <a
              class="hover:text-amber-300 block text-blue-600"
              href="mailto:Gabriella58@hotmail.com"
            >
              Gabriella58@hotmail.com
            </a>
          </li>
          <li>
            <a
              class="hover:text-amber-300 block text-blue-600"
              href="http://shallow-gastropod.org"
            >
              Website
            </a>
          </li>
        </ul>
      </li>
      <li
        class="text-left mb-5 bg-white text-black p-3 rounded-2xl px-10 drop-shadow-md hover:bg-gray-100"
      >
        <h1
          class="text-xl font-bold"
        >
          Practitioner
           #
          21
        </h1>
        <ul>
          <li>
            <p>
              ID: 
              6ba911c4-b549-4cd5-9ac4-7172ae5a5d88
            </p>
          </li>
          <li>
            <p>
              Last Updated: 
              2022-06-13
            </p>
          </li>
          <li>
            <a
              class="hover:text-amber-300 block text-blue-600"
              href="mailto:Gabriella58@hotmail.com"
            >
              Gabriella58@hotmail.com
            </a>
          </li>
          <li>
            <a
              class="hover:text-amber-300 block text-blue-600"
              href="http://shallow-gastropod.org"
            >
              Website
            </a>
          </li>
        </ul>
      </li>
      <li
        class="text-left mb-5 bg-white text-black p-3 rounded-2xl px-10 drop-shadow-md hover:bg-gray-100"
      >
        <h1
          class="text-xl font-bold"
        >
          Practitioner
           #
          22
        </h1>
        <ul>
          <li>
            <p>
              ID: 
              6ba911c4-b549-4cd5-9ac4-7172ae5a5d88
            </p>
          </li>
          <li>
            <p>
              Last Updated: 
              2022-06-13
            </p>
          </li>
          <li>
            <a
              class="hover:text-amber-300 block text-blue-600"
              href="mailto:Gabriella58@hotmail.com"
            >
              Gabriella58@hotmail.com
            </a>
          </li>
          <li>
            <a
              class="hover:text-amber-300 block text-blue-600"
              href="http://shallow-gastropod.org"
            >
              Website
            </a>
          </li>
        </ul>
      </li>
      <li
        class="text-left mb-5 bg-white text-black p-3 rounded-2xl px-10 drop-shadow-md hover:bg-gray-100"
      >
        <h1
          class="text-xl font-bold"
        >
          Practitioner
           #
          23
        </h1>
        <ul>
          <li>
            <p>
              ID: 
              6ba911c4-b549-4cd5-9ac4-7172ae5a5d88
            </p>
          </li>
          <li>
            <p>
              Last Updated: 
              2022-06-13
            </p>
          </li>
          <li>
            <a
              class="hover:text-amber-300 block text-blue-600"
              href="mailto:Gabriella58@hotmail.com"
            >
              Gabriella58@hotmail.com
            </a>
          </li>
          <li>
            <a
              class="hover:text-amber-300 block text-blue-600"
              href="http://shallow-gastropod.org"
            >
              Website
            </a>
          </li>
        </ul>
      </li>
      <li
        class="text-left mb-5 bg-white text-black p-3 rounded-2xl px-10 drop-shadow-md hover:bg-gray-100"
      >
        <h1
          class="text-xl font-bold"
        >
          Practitioner
           #
          24
        </h1>
        <ul>
          <li>
            <p>
              ID: 
              6ba911c4-b549-4cd5-9ac4-7172ae5a5d88
            </p>
          </li>
          <li>
            <p>
              Last Updated: 
              2022-06-13
            </p>
          </li>
          <li>
            <a
              class="hover:text-amber-300 block text-blue-600"
              href="mailto:Gabriella58@hotmail.com"
            >
              Gabriella58@hotmail.com
            </a>
          </li>
          <li>
            <a
              class="hover:text-amber-300 block text-blue-600"
              href="http://shallow-gastropod.org"
            >
              Website
            </a>
          </li>
        </ul>
      </li>
      <li
        class="text-left mb-5 bg-white text-black p-3 rounded-2xl px-10 drop-shadow-md hover:bg-gray-100"
      >
        <h1
          class="text-xl font-bold"
        >
          Practitioner
           #
          25
        </h1>
        <ul>
          <li>
            <p>
              ID: 
              6ba911c4-b549-4cd5-9ac4-7172ae5a5d88
            </p>
          </li>
          <li>
            <p>
              Last Updated: 
              2022-06-13
            </p>
          </li>
          <li>
            <a
              class="hover:text-amber-300 block text-blue-600"
              href="mailto:Gabriella58@hotmail.com"
            >
              Gabriella58@hotmail.com
            </a>
          </li>
          <li>
            <a
              class="hover:text-amber-300 block text-blue-600"
              href="http://shallow-gastropod.org"
            >
              Website
            </a>
          </li>
        </ul>
      </li>
      <li
        class="text-left mb-5 bg-white text-black p-3 rounded-2xl px-10 drop-shadow-md hover:bg-gray-100"
      >
        <h1
          class="text-xl font-bold"
        >
          Practitioner
           #
          26
        </h1>
        <ul>
          <li>
            <p>
              ID: 
              6ba911c4-b549-4cd5-9ac4-7172ae5a5d88
            </p>
          </li>
          <li>
            <p>
              Last Updated: 
              2022-06-13
            </p>
          </li>
          <li>
            <a
              class="hover:text-amber-300 block text-blue-600"
              href="mailto:Gabriella58@hotmail.com"
            >
              Gabriella58@hotmail.com
            </a>
          </li>
          <li>
            <a
              class="hover:text-amber-300 block text-blue-600"
              href="http://shallow-gastropod.org"
            >
              Website
            </a>
          </li>
        </ul>
      </li>
      <li
        class="text-left mb-5 bg-white text-black p-3 rounded-2xl px-10 drop-shadow-md hover:bg-gray-100"
      >
        <h1
          class="text-xl font-bold"
        >
          Practitioner
           #
          27
        </h1>
        <ul>
          <li>
            <p>
              ID: 
              6ba911c4-b549-4cd5-9ac4-7172ae5a5d88
            </p>
          </li>
          <li>
            <p>
              Last Updated: 
              2022-06-13
            </p>
          </li>
          <li>
            <a
              class="hover:text-amber-300 block text-blue-600"
              href="mailto:Gabriella58@hotmail.com"
            >
              Gabriella58@hotmail.com
            </a>
          </li>
          <li>
            <a
              class="hover:text-amber-300 block text-blue-600"
              href="http://shallow-gastropod.org"
            >
              Website
            </a>
          </li>
        </ul>
      </li>
      <li
        class="text-left mb-5 bg-white text-black p-3 rounded-2xl px-10 drop-shadow-md hover:bg-gray-100"
      >
        <h1
          class="text-xl font-bold"
        >
          Practitioner
           #
          28
        </h1>
        <ul>
          <li>
            <p>
              ID: 
              6ba911c4-b549-4cd5-9ac4-7172ae5a5d88
            </p>
          </li>
          <li>
            <p>
              Last Updated: 
              2022-06-13
            </p>
          </li>
          <li>
            <a
              class="hover:text-amber-300 block text-blue-600"
              href="mailto:Gabriella58@hotmail.com"
            >
              Gabriella58@hotmail.com
            </a>
          </li>
          <li>
            <a
              class="hover:text-amber-300 block text-blue-600"
              href="http://shallow-gastropod.org"
            >
              Website
            </a>
          </li>
        </ul>
      </li>
      <li
        class="text-left mb-5 bg-white text-black p-3 rounded-2xl px-10 drop-shadow-md hover:bg-gray-100"
      >
        <h1
          class="text-xl font-bold"
        >
          Practitioner
           #
          29
        </h1>
        <ul>
          <li>
            <p>
              ID: 
              6ba911c4-b549-4cd5-9ac4-7172ae5a5d88
            </p>
          </li>
          <li>
            <p>
              Last Updated: 
              2022-06-13
            </p>
          </li>
          <li>
            <a
              class="hover:text-amber-300 block text-blue-600"
              href="mailto:Gabriella58@hotmail.com"
            >
              Gabriella58@hotmail.com
            </a>
          </li>
          <li>
            <a
              class="hover:text-amber-300 block text-blue-600"
              href="http://shallow-gastropod.org"
            >
              Website
            </a>
          </li>
        </ul>
      </li>
      <li
        class="text-left mb-5 bg-white text-black p-3 rounded-2xl px-10 drop-shadow-md hover:bg-gray-100"
      >
        <h1
          class="text-xl font-bold"
        >
          Practitioner
           #
          30
        </h1>
        <ul>
          <li>
            <p>
              ID: 
              6ba911c4-b549-4cd5-9ac4-7172ae5a5d88
            </p>
          </li>
          <li>
            <p>
              Last Updated: 
              2022-06-13
            </p>
          </li>
          <li>
            <a
              class="hover:text-amber-300 block text-blue-600"
              href="mailto:Gabriella58@hotmail.com"
            >
              Gabriella58@hotmail.com
            </a>
          </li>
          <li>
            <a
              class="hover:text-amber-300 block text-blue-600"
              href="http://shallow-gastropod.org"
            >
              Website
            </a>
          </li>
        </ul>
      </li>
      <li
        class="text-left mb-5 bg-white text-black p-3 rounded-2xl px-10 drop-shadow-md hover:bg-gray-100"
      >
        <h1
          class="text-xl font-bold"
        >
          Practitioner
           #
          31
        </h1>
        <ul>
          <li>
            <p>
              ID: 
              6ba911c4-b549-4cd5-9ac4-7172ae5a5d88
            </p>
          </li>
          <li>
            <p>
              Last Updated: 
              2022-06-13
            </p>
          </li>
          <li>
            <a
              class="hover:text-amber-300 block text-blue-600"
              href="mailto:Gabriella58@hotmail.com"
            >
              Gabriella58@hotmail.com
            </a>
          </li>
          <li>
            <a
              class="hover:text-amber-300 block text-blue-600"
              href="http://shallow-gastropod.org"
            >
              Website
            </a>
          </li>
        </ul>
      </li>
      <li
        class="text-left mb-5 bg-white text-black p-3 rounded-2xl px-10 drop-shadow-md hover:bg-gray-100"
      >
        <h1
          class="text-xl font-bold"
        >
          Practitioner
           #
          32
        </h1>
        <ul>
          <li>
            <p>
              ID: 
              6ba911c4-b549-4cd5-9ac4-7172ae5a5d88
            </p>
          </li>
          <li>
            <p>
              Last Updated: 
              2022-06-13
            </p>
          </li>
          <li>
            <a
              class="hover:text-amber-300 block text-blue-600"
              href="mailto:Gabriella58@hotmail.com"
            >
              Gabriella58@hotmail.com
            </a>
          </li>
          <li>
            <a
              class="hover:text-amber-300 block text-blue-600"
              href="http://shallow-gastropod.org"
            >
              Website
            </a>
          </li>
        </ul>
      </li>
      <li
        class="text-left mb-5 bg-white text-black p-3 rounded-2xl px-10 drop-shadow-md hover:bg-gray-100"
      >
        <h1
          class="text-xl font-bold"
        >
          Practitioner
           #
          33
        </h1>
        <ul>
          <li>
            <p>
              ID: 
              6ba911c4-b549-4cd5-9ac4-7172ae5a5d88
            </p>
          </li>
          <li>
            <p>
              Last Updated: 
              2022-06-13
            </p>
          </li>
          <li>
            <a
              class="hover:text-amber-300 block text-blue-600"
              href="mailto:Gabriella58@hotmail.com"
            >
              Gabriella58@hotmail.com
            </a>
          </li>
          <li>
            <a
              class="hover:text-amber-300 block text-blue-600"
              href="http://shallow-gastropod.org"
            >
              Website
            </a>
          </li>
        </ul>
      </li>
      <li
        class="text-left mb-5 bg-white text-black p-3 rounded-2xl px-10 drop-shadow-md hover:bg-gray-100"
      >
        <h1
          class="text-xl font-bold"
        >
          Practitioner
           #
          34
        </h1>
        <ul>
          <li>
            <p>
              ID: 
              6ba911c4-b549-4cd5-9ac4-7172ae5a5d88
            </p>
          </li>
          <li>
            <p>
              Last Updated: 
              2022-06-13
            </p>
          </li>
          <li>
            <a
              class="hover:text-amber-300 block text-blue-600"
              href="mailto:Gabriella58@hotmail.com"
            >
              Gabriella58@hotmail.com
            </a>
          </li>
          <li>
            <a
              class="hover:text-amber-300 block text-blue-600"
              href="http://shallow-gastropod.org"
            >
              Website
            </a>
          </li>
        </ul>
      </li>
      <li
        class="text-left mb-5 bg-white text-black p-3 rounded-2xl px-10 drop-shadow-md hover:bg-gray-100"
      >
        <h1
          class="text-xl font-bold"
        >
          Practitioner
           #
          35
        </h1>
        <ul>
          <li>
            <p>
              ID: 
              6ba911c4-b549-4cd5-9ac4-7172ae5a5d88
            </p>
          </li>
          <li>
            <p>
              Last Updated: 
              2022-06-13
            </p>
          </li>
          <li>
            <a
              class="hover:text-amber-300 block text-blue-600"
              href="mailto:Gabriella58@hotmail.com"
            >
              Gabriella58@hotmail.com
            </a>
          </li>
          <li>
            <a
              class="hover:text-amber-300 block text-blue-600"
              href="http://shallow-gastropod.org"
            >
              Website
            </a>
          </li>
        </ul>
      </li>
      <li
        class="text-left mb-5 bg-white text-black p-3 rounded-2xl px-10 drop-shadow-md hover:bg-gray-100"
      >
        <h1
          class="text-xl font-bold"
        >
          Practitioner
           #
          36
        </h1>
        <ul>
          <li>
            <p>
              ID: 
              6ba911c4-b549-4cd5-9ac4-7172ae5a5d88
            </p>
          </li>
          <li>
            <p>
              Last Updated: 
              2022-06-13
            </p>
          </li>
          <li>
            <a
              class="hover:text-amber-300 block text-blue-600"
              href="mailto:Gabriella58@hotmail.com"
            >
              Gabriella58@hotmail.com
            </a>
          </li>
          <li>
            <a
              class="hover:text-amber-300 block text-blue-600"
              href="http://shallow-gastropod.org"
            >
              Website
            </a>
          </li>
        </ul>
      </li>
      <li
        class="text-left mb-5 bg-white text-black p-3 rounded-2xl px-10 drop-shadow-md hover:bg-gray-100"
      >
        <h1
          class="text-xl font-bold"
        >
          Practitioner
           #
          37
        </h1>
        <ul>
          <li>
            <p>
              ID: 
              6ba911c4-b549-4cd5-9ac4-7172ae5a5d88
            </p>
          </li>
          <li>
            <p>
              Last Updated: 
              2022-06-13
            </p>
          </li>
          <li>
            <a
              class="hover:text-amber-300 block text-blue-600"
              href="mailto:Gabriella58@hotmail.com"
            >
              Gabriella58@hotmail.com
            </a>
          </li>
          <li>
            <a
              class="hover:text-amber-300 block text-blue-600"
              href="http://shallow-gastropod.org"
            >
              Website
            </a>
          </li>
        </ul>
      </li>
      <li
        class="text-left mb-5 bg-white text-black p-3 rounded-2xl px-10 drop-shadow-md hover:bg-gray-100"
      >
        <h1
          class="text-xl font-bold"
        >
          Practitioner
           #
          38
        </h1>
        <ul>
          <li>
            <p>
              ID: 
              6ba911c4-b549-4cd5-9ac4-7172ae5a5d88
            </p>
          </li>
          <li>
            <p>
              Last Updated: 
              2022-06-13
            </p>
          </li>
          <li>
            <a
              class="hover:text-amber-300 block text-blue-600"
              href="mailto:Gabriella58@hotmail.com"
            >
              Gabriella58@hotmail.com
            </a>
          </li>
          <li>
            <a
              class="hover:text-amber-300 block text-blue-600"
              href="http://shallow-gastropod.org"
            >
              Website
            </a>
          </li>
        </ul>
      </li>
      <li
        class="text-left mb-5 bg-white text-black p-3 rounded-2xl px-10 drop-shadow-md hover:bg-gray-100"
      >
        <h1
          class="text-xl font-bold"
        >
          Practitioner
           #
          39
        </h1>
        <ul>
          <li>
            <p>
              ID: 
              6ba911c4-b549-4cd5-9ac4-7172ae5a5d88
            </p>
          </li>
          <li>
            <p>
              Last Updated: 
              2022-06-13
            </p>
          </li>
          <li>
            <a
              class="hover:text-amber-300 block text-blue-600"
              href="mailto:Gabriella58@hotmail.com"
            >
              Gabriella58@hotmail.com
            </a>
          </li>
          <li>
            <a
              class="hover:text-amber-300 block text-blue-600"
              href="http://shallow-gastropod.org"
            >
              Website
            </a>
          </li>
        </ul>
      </li>
      <li
        class="text-left mb-5 bg-white text-black p-3 rounded-2xl px-10 drop-shadow-md hover:bg-gray-100"
      >
        <h1
          class="text-xl font-bold"
        >
          Practitioner
           #
          40
        </h1>
        <ul>
          <li>
            <p>
              ID: 
              6ba911c4-b549-4cd5-9ac4-7172ae5a5d88
            </p>
          </li>
          <li>
            <p>
              Last Updated: 
              2022-06-13
            </p>
          </li>
          <li>
            <a
              class="hover:text-amber-300 block text-blue-600"
              href="mailto:Gabriella58@hotmail.com"
            >
              Gabriella58@hotmail.com
            </a>
          </li>
          <li>
            <a
              class="hover:text-amber-300 block text-blue-600"
              href="http://shallow-gastropod.org"
            >
              Website
            </a>
          </li>
        </ul>
      </li>
      <li
        class="text-left mb-5 bg-white text-black p-3 rounded-2xl px-10 drop-shadow-md hover:bg-gray-100"
      >
        <h1
          class="text-xl font-bold"
        >
          Practitioner
           #
          41
        </h1>
        <ul>
          <li>
            <p>
              ID: 
              6ba911c4-b549-4cd5-9ac4-7172ae5a5d88
            </p>
          </li>
          <li>
            <p>
              Last Updated: 
              2022-06-13
            </p>
          </li>
          <li>
            <a
              class="hover:text-amber-300 block text-blue-600"
              href="mailto:Gabriella58@hotmail.com"
            >
              Gabriella58@hotmail.com
            </a>
          </li>
          <li>
            <a
              class="hover:text-amber-300 block text-blue-600"
              href="http://shallow-gastropod.org"
            >
              Website
            </a>
          </li>
        </ul>
      </li>
      <li
        class="text-left mb-5 bg-white text-black p-3 rounded-2xl px-10 drop-shadow-md hover:bg-gray-100"
      >
        <h1
          class="text-xl font-bold"
        >
          Practitioner
           #
          42
        </h1>
        <ul>
          <li>
            <p>
              ID: 
              6ba911c4-b549-4cd5-9ac4-7172ae5a5d88
            </p>
          </li>
          <li>
            <p>
              Last Updated: 
              2022-06-13
            </p>
          </li>
          <li>
            <a
              class="hover:text-amber-300 block text-blue-600"
              href="mailto:Gabriella58@hotmail.com"
            >
              Gabriella58@hotmail.com
            </a>
          </li>
          <li>
            <a
              class="hover:text-amber-300 block text-blue-600"
              href="http://shallow-gastropod.org"
            >
              Website
            </a>
          </li>
        </ul>
      </li>
      <li
        class="text-left mb-5 bg-white text-black p-3 rounded-2xl px-10 drop-shadow-md hover:bg-gray-100"
      >
        <h1
          class="text-xl font-bold"
        >
          Practitioner
           #
          43
        </h1>
        <ul>
          <li>
            <p>
              ID: 
              6ba911c4-b549-4cd5-9ac4-7172ae5a5d88
            </p>
          </li>
          <li>
            <p>
              Last Updated: 
              2022-06-13
            </p>
          </li>
          <li>
            <a
              class="hover:text-amber-300 block text-blue-600"
              href="mailto:Gabriella58@hotmail.com"
            >
              Gabriella58@hotmail.com
            </a>
          </li>
          <li>
            <a
              class="hover:text-amber-300 block text-blue-600"
              href="http://shallow-gastropod.org"
            >
              Website
            </a>
          </li>
        </ul>
      </li>
      <li
        class="text-left mb-5 bg-white text-black p-3 rounded-2xl px-10 drop-shadow-md hover:bg-gray-100"
      >
        <h1
          class="text-xl font-bold"
        >
          Practitioner
           #
          44
        </h1>
        <ul>
          <li>
            <p>
              ID: 
              6ba911c4-b549-4cd5-9ac4-7172ae5a5d88
            </p>
          </li>
          <li>
            <p>
              Last Updated: 
              2022-06-13
            </p>
          </li>
          <li>
            <a
              class="hover:text-amber-300 block text-blue-600"
              href="mailto:Gabriella58@hotmail.com"
            >
              Gabriella58@hotmail.com
            </a>
          </li>
          <li>
            <a
              class="hover:text-amber-300 block text-blue-600"
              href="http://shallow-gastropod.org"
            >
              Website
            </a>
          </li>
        </ul>
      </li>
      <li
        class="text-left mb-5 bg-white text-black p-3 rounded-2xl px-10 drop-shadow-md hover:bg-gray-100"
      >
        <h1
          class="text-xl font-bold"
        >
          Practitioner
           #
          45
        </h1>
        <ul>
          <li>
            <p>
              ID: 
              6ba911c4-b549-4cd5-9ac4-7172ae5a5d88
            </p>
          </li>
          <li>
            <p>
              Last Updated: 
              2022-06-13
            </p>
          </li>
          <li>
            <a
              class="hover:text-amber-300 block text-blue-600"
              href="mailto:Gabriella58@hotmail.com"
            >
              Gabriella58@hotmail.com
            </a>
          </li>
          <li>
            <a
              class="hover:text-amber-300 block text-blue-600"
              href="http://shallow-gastropod.org"
            >
              Website
            </a>
          </li>
        </ul>
      </li>
      <li
        class="text-left mb-5 bg-white text-black p-3 rounded-2xl px-10 drop-shadow-md hover:bg-gray-100"
      >
        <h1
          class="text-xl font-bold"
        >
          Practitioner
           #
          46
        </h1>
        <ul>
          <li>
            <p>
              ID: 
              6ba911c4-b549-4cd5-9ac4-7172ae5a5d88
            </p>
          </li>
          <li>
            <p>
              Last Updated: 
              2022-06-13
            </p>
          </li>
          <li>
            <a
              class="hover:text-amber-300 block text-blue-600"
              href="mailto:Gabriella58@hotmail.com"
            >
              Gabriella58@hotmail.com
            </a>
          </li>
          <li>
            <a
              class="hover:text-amber-300 block text-blue-600"
              href="http://shallow-gastropod.org"
            >
              Website
            </a>
          </li>
        </ul>
      </li>
      <li
        class="text-left mb-5 bg-white text-black p-3 rounded-2xl px-10 drop-shadow-md hover:bg-gray-100"
      >
        <h1
          class="text-xl font-bold"
        >
          Practitioner
           #
          47
        </h1>
        <ul>
          <li>
            <p>
              ID: 
              6ba911c4-b549-4cd5-9ac4-7172ae5a5d88
            </p>
          </li>
          <li>
            <p>
              Last Updated: 
              2022-06-13
            </p>
          </li>
          <li>
            <a
              class="hover:text-amber-300 block text-blue-600"
              href="mailto:Gabriella58@hotmail.com"
            >
              Gabriella58@hotmail.com
            </a>
          </li>
          <li>
            <a
              class="hover:text-amber-300 block text-blue-600"
              href="http://shallow-gastropod.org"
            >
              Website
            </a>
          </li>
        </ul>
      </li>
      <li
        class="text-left mb-5 bg-white text-black p-3 rounded-2xl px-10 drop-shadow-md hover:bg-gray-100"
      >
        <h1
          class="text-xl font-bold"
        >
          Practitioner
           #
          48
        </h1>
        <ul>
          <li>
            <p>
              ID: 
              6ba911c4-b549-4cd5-9ac4-7172ae5a5d88
            </p>
          </li>
          <li>
            <p>
              Last Updated: 
              2022-06-13
            </p>
          </li>
          <li>
            <a
              class="hover:text-amber-300 block text-blue-600"
              href="mailto:Gabriella58@hotmail.com"
            >
              Gabriella58@hotmail.com
            </a>
          </li>
          <li>
            <a
              class="hover:text-amber-300 block text-blue-600"
              href="http://shallow-gastropod.org"
            >
              Website
            </a>
          </li>
        </ul>
      </li>
      <li
        class="text-left mb-5 bg-white text-black p-3 rounded-2xl px-10 drop-shadow-md hover:bg-gray-100"
      >
        <h1
          class="text-xl font-bold"
        >
          Practitioner
           #
          49
        </h1>
        <ul>
          <li>
            <p>
              ID: 
              6ba911c4-b549-4cd5-9ac4-7172ae5a5d88
            </p>
          </li>
          <li>
            <p>
              Last Updated: 
              2022-06-13
            </p>
          </li>
          <li>
            <a
              class="hover:text-amber-300 block text-blue-600"
              href="mailto:Gabriella58@hotmail.com"
            >
              Gabriella58@hotmail.com
            </a>
          </li>
          <li>
            <a
              class="hover:text-amber-300 block text-blue-600"
              href="http://shallow-gastropod.org"
            >
              Website
            </a>
          </li>
        </ul>
      </li>
      <li
        class="text-left mb-5 bg-white text-black p-3 rounded-2xl px-10 drop-shadow-md hover:bg-gray-100"
      >
        <h1
          class="text-xl font-bold"
        >
          Practitioner
           #
          50
        </h1>
        <ul>
          <li>
            <p>
              ID: 
              6ba911c4-b549-4cd5-9ac4-7172ae5a5d88
            </p>
          </li>
          <li>
            <p>
              Last Updated: 
              2022-06-13
            </p>
          </li>
          <li>
            <a
              class="hover:text-amber-300 block text-blue-600"
              href="mailto:Gabriella58@hotmail.com"
            >
              Gabriella58@hotmail.com
            </a>
          </li>
          <li>
            <a
              class="hover:text-amber-300 block text-blue-600"
              href="http://shallow-gastropod.org"
            >
              Website
            </a>
          </li>
        </ul>
      </li>
      <li
        class="text-left mb-5 bg-white text-black p-3 rounded-2xl px-10 drop-shadow-md hover:bg-gray-100"
      >
        <h1
          class="text-xl font-bold"
        >
          Practitioner
           #
          51
        </h1>
        <ul>
          <li>
            <p>
              ID: 
              6ba911c4-b549-4cd5-9ac4-7172ae5a5d88
            </p>
          </li>
          <li>
            <p>
              Last Updated: 
              2022-06-13
            </p>
          </li>
          <li>
            <a
              class="hover:text-amber-300 block text-blue-600"
              href="mailto:Gabriella58@hotmail.com"
            >
              Gabriella58@hotmail.com
            </a>
          </li>
          <li>
            <a
              class="hover:text-amber-300 block text-blue-600"
              href="http://shallow-gastropod.org"
            >
              Website
            </a>
          </li>
        </ul>
      </li>
      <li
        class="text-left mb-5 bg-white text-black p-3 rounded-2xl px-10 drop-shadow-md hover:bg-gray-100"
      >
        <h1
          class="text-xl font-bold"
        >
          Practitioner
           #
          52
        </h1>
        <ul>
          <li>
            <p>
              ID: 
              6ba911c4-b549-4cd5-9ac4-7172ae5a5d88
            </p>
          </li>
          <li>
            <p>
              Last Updated: 
              2022-06-13
            </p>
          </li>
          <li>
            <a
              class="hover:text-amber-300 block text-blue-600"
              href="mailto:Gabriella58@hotmail.com"
            >
              Gabriella58@hotmail.com
            </a>
          </li>
          <li>
            <a
              class="hover:text-amber-300 block text-blue-600"
              href="http://shallow-gastropod.org"
            >
              Website
            </a>
          </li>
        </ul>
      </li>
      <li
        class="text-left mb-5 bg-white text-black p-3 rounded-2xl px-10 drop-shadow-md hover:bg-gray-100"
      >
        <h1
          class="text-xl font-bold"
        >
          Practitioner
           #
          53
        </h1>
        <ul>
          <li>
            <p>
              ID: 
              6ba911c4-b549-4cd5-9ac4-7172ae5a5d88
            </p>
          </li>
          <li>
            <p>
              Last Updated: 
              2022-06-13
            </p>
          </li>
          <li>
            <a
              class="hover:text-amber-300 block text-blue-600"
              href="mailto:Gabriella58@hotmail.com"
            >
              Gabriella58@hotmail.com
            </a>
          </li>
          <li>
            <a
              class="hover:text-amber-300 block text-blue-600"
              href="http://shallow-gastropod.org"
            >
              Website
            </a>
          </li>
        </ul>
      </li>
      <li
        class="text-left mb-5 bg-white text-black p-3 rounded-2xl px-10 drop-shadow-md hover:bg-gray-100"
      >
        <h1
          class="text-xl font-bold"
        >
          Practitioner
           #
          54
        </h1>
        <ul>
          <li>
            <p>
              ID: 
              6ba911c4-b549-4cd5-9ac4-7172ae5a5d88
            </p>
          </li>
          <li>
            <p>
              Last Updated: 
              2022-06-13
            </p>
          </li>
          <li>
            <a
              class="hover:text-amber-300 block text-blue-600"
              href="mailto:Gabriella58@hotmail.com"
            >
              Gabriella58@hotmail.com
            </a>
          </li>
          <li>
            <a
              class="hover:text-amber-300 block text-blue-600"
              href="http://shallow-gastropod.org"
            >
              Website
            </a>
          </li>
        </ul>
      </li>
      <li
        class="text-left mb-5 bg-white text-black p-3 rounded-2xl px-10 drop-shadow-md hover:bg-gray-100"
      >
        <h1
          class="text-xl font-bold"
        >
          Practitioner
           #
          55
        </h1>
        <ul>
          <li>
            <p>
              ID: 
              6ba911c4-b549-4cd5-9ac4-7172ae5a5d88
            </p>
          </li>
          <li>
            <p>
              Last Updated: 
              2022-06-13
            </p>
          </li>
          <li>
            <a
              class="hover:text-amber-300 block text-blue-600"
              href="mailto:Gabriella58@hotmail.com"
            >
              Gabriella58@hotmail.com
            </a>
          </li>
          <li>
            <a
              class="hover:text-amber-300 block text-blue-600"
              href="http://shallow-gastropod.org"
            >
              Website
            </a>
          </li>
        </ul>
      </li>
      <li
        class="text-left mb-5 bg-white text-black p-3 rounded-2xl px-10 drop-shadow-md hover:bg-gray-100"
      >
        <h1
          class="text-xl font-bold"
        >
          Practitioner
           #
          56
        </h1>
        <ul>
          <li>
            <p>
              ID: 
              6ba911c4-b549-4cd5-9ac4-7172ae5a5d88
            </p>
          </li>
          <li>
            <p>
              Last Updated: 
              2022-06-13
            </p>
          </li>
          <li>
            <a
              class="hover:text-amber-300 block text-blue-600"
              href="mailto:Gabriella58@hotmail.com"
            >
              Gabriella58@hotmail.com
            </a>
          </li>
          <li>
            <a
              class="hover:text-amber-300 block text-blue-600"
              href="http://shallow-gastropod.org"
            >
              Website
            </a>
          </li>
        </ul>
      </li>
      <li
        class="text-left mb-5 bg-white text-black p-3 rounded-2xl px-10 drop-shadow-md hover:bg-gray-100"
      >
        <h1
          class="text-xl font-bold"
        >
          Practitioner
           #
          57
        </h1>
        <ul>
          <li>
            <p>
              ID: 
              6ba911c4-b549-4cd5-9ac4-7172ae5a5d88
            </p>
          </li>
          <li>
            <p>
              Last Updated: 
              2022-06-13
            </p>
          </li>
          <li>
            <a
              class="hover:text-amber-300 block text-blue-600"
              href="mailto:Gabriella58@hotmail.com"
            >
              Gabriella58@hotmail.com
            </a>
          </li>
          <li>
            <a
              class="hover:text-amber-300 block text-blue-600"
              href="http://shallow-gastropod.org"
            >
              Website
            </a>
          </li>
        </ul>
      </li>
      <li
        class="text-left mb-5 bg-white text-black p-3 rounded-2xl px-10 drop-shadow-md hover:bg-gray-100"
      >
        <h1
          class="text-xl font-bold"
        >
          Practitioner
           #
          58
        </h1>
        <ul>
          <li>
            <p>
              ID: 
              6ba911c4-b549-4cd5-9ac4-7172ae5a5d88
            </p>
          </li>
          <li>
            <p>
              Last Updated: 
              2022-06-13
            </p>
          </li>
          <li>
            <a
              class="hover:text-amber-300 block text-blue-600"
              href="mailto:Gabriella58@hotmail.com"
            >
              Gabriella58@hotmail.com
            </a>
          </li>
          <li>
            <a
              class="hover:text-amber-300 block text-blue-600"
              href="http://shallow-gastropod.org"
            >
              Website
            </a>
          </li>
        </ul>
      </li>
      <li
        class="text-left mb-5 bg-white text-black p-3 rounded-2xl px-10 drop-shadow-md hover:bg-gray-100"
      >
        <h1
          class="text-xl font-bold"
        >
          Practitioner
           #
          59
        </h1>
        <ul>
          <li>
            <p>
              ID: 
              6ba911c4-b549-4cd5-9ac4-7172ae5a5d88
            </p>
          </li>
          <li>
            <p>
              Last Updated: 
              2022-06-13
            </p>
          </li>
          <li>
            <a
              class="hover:text-amber-300 block text-blue-600"
              href="mailto:Gabriella58@hotmail.com"
            >
              Gabriella58@hotmail.com
            </a>
          </li>
          <li>
            <a
              class="hover:text-amber-300 block text-blue-600"
              href="http://shallow-gastropod.org"
            >
              Website
            </a>
          </li>
        </ul>
      </li>
      <li
        class="text-left mb-5 bg-white text-black p-3 rounded-2xl px-10 drop-shadow-md hover:bg-gray-100"
      >
        <h1
          class="text-xl font-bold"
        >
          Practitioner
           #
          60
        </h1>
        <ul>
          <li>
            <p>
              ID: 
              6ba911c4-b549-4cd5-9ac4-7172ae5a5d88
            </p>
          </li>
          <li>
            <p>
              Last Updated: 
              2022-06-13
            </p>
          </li>
          <li>
            <a
              class="hover:text-amber-300 block text-blue-600"
              href="mailto:Gabriella58@hotmail.com"
            >
              Gabriella58@hotmail.com
            </a>
          </li>
          <li>
            <a
              class="hover:text-amber-300 block text-blue-600"
              href="http://shallow-gastropod.org"
            >
              Website
            </a>
          </li>
        </ul>
      </li>
      <li
        class="text-left mb-5 bg-white text-black p-3 rounded-2xl px-10 drop-shadow-md hover:bg-gray-100"
      >
        <h1
          class="text-xl font-bold"
        >
          Practitioner
           #
          61
        </h1>
        <ul>
          <li>
            <p>
              ID: 
              6ba911c4-b549-4cd5-9ac4-7172ae5a5d88
            </p>
          </li>
          <li>
            <p>
              Last Updated: 
              2022-06-13
            </p>
          </li>
          <li>
            <a
              class="hover:text-amber-300 block text-blue-600"
              href="mailto:Gabriella58@hotmail.com"
            >
              Gabriella58@hotmail.com
            </a>
          </li>
          <li>
            <a
              class="hover:text-amber-300 block text-blue-600"
              href="http://shallow-gastropod.org"
            >
              Website
            </a>
          </li>
        </ul>
      </li>
      <li
        class="text-left mb-5 bg-white text-black p-3 rounded-2xl px-10 drop-shadow-md hover:bg-gray-100"
      >
        <h1
          class="text-xl font-bold"
        >
          Practitioner
           #
          62
        </h1>
        <ul>
          <li>
            <p>
              ID: 
              6ba911c4-b549-4cd5-9ac4-7172ae5a5d88
            </p>
          </li>
          <li>
            <p>
              Last Updated: 
              2022-06-13
            </p>
          </li>
          <li>
            <a
              class="hover:text-amber-300 block text-blue-600"
              href="mailto:Gabriella58@hotmail.com"
            >
              Gabriella58@hotmail.com
            </a>
          </li>
          <li>
            <a
              class="hover:text-amber-300 block text-blue-600"
              href="http://shallow-gastropod.org"
            >
              Website
            </a>
          </li>
        </ul>
      </li>
      <li
        class="text-left mb-5 bg-white text-black p-3 rounded-2xl px-10 drop-shadow-md hover:bg-gray-100"
      >
        <h1
          class="text-xl font-bold"
        >
          Practitioner
           #
          63
        </h1>
        <ul>
          <li>
            <p>
              ID: 
              6ba911c4-b549-4cd5-9ac4-7172ae5a5d88
            </p>
          </li>
          <li>
            <p>
              Last Updated: 
              2022-06-13
            </p>
          </li>
          <li>
            <a
              class="hover:text-amber-300 block text-blue-600"
              href="mailto:Gabriella58@hotmail.com"
            >
              Gabriella58@hotmail.com
            </a>
          </li>
          <li>
            <a
              class="hover:text-amber-300 block text-blue-600"
              href="http://shallow-gastropod.org"
            >
              Website
            </a>
          </li>
        </ul>
      </li>
      <li
        class="text-left mb-5 bg-white text-black p-3 rounded-2xl px-10 drop-shadow-md hover:bg-gray-100"
      >
        <h1
          class="text-xl font-bold"
        >
          Practitioner
           #
          64
        </h1>
        <ul>
          <li>
            <p>
              ID: 
              6ba911c4-b549-4cd5-9ac4-7172ae5a5d88
            </p>
          </li>
          <li>
            <p>
              Last Updated: 
              2022-06-13
            </p>
          </li>
          <li>
            <a
              class="hover:text-amber-300 block text-blue-600"
              href="mailto:Gabriella58@hotmail.com"
            >
              Gabriella58@hotmail.com
            </a>
          </li>
          <li>
            <a
              class="hover:text-amber-300 block text-blue-600"
              href="http://shallow-gastropod.org"
            >
              Website
            </a>
          </li>
        </ul>
      </li>
      <li
        class="text-left mb-5 bg-white text-black p-3 rounded-2xl px-10 drop-shadow-md hover:bg-gray-100"
      >
        <h1
          class="text-xl font-bold"
        >
          Practitioner
           #
          65
        </h1>
        <ul>
          <li>
            <p>
              ID: 
              6ba911c4-b549-4cd5-9ac4-7172ae5a5d88
            </p>
          </li>
          <li>
            <p>
              Last Updated: 
              2022-06-13
            </p>
          </li>
          <li>
            <a
              class="hover:text-amber-300 block text-blue-600"
              href="mailto:Gabriella58@hotmail.com"
            >
              Gabriella58@hotmail.com
            </a>
          </li>
          <li>
            <a
              class="hover:text-amber-300 block text-blue-600"
              href="http://shallow-gastropod.org"
            >
              Website
            </a>
          </li>
        </ul>
      </li>
      <li
        class="text-left mb-5 bg-white text-black p-3 rounded-2xl px-10 drop-shadow-md hover:bg-gray-100"
      >
        <h1
          class="text-xl font-bold"
        >
          Practitioner
           #
          66
        </h1>
        <ul>
          <li>
            <p>
              ID: 
              6ba911c4-b549-4cd5-9ac4-7172ae5a5d88
            </p>
          </li>
          <li>
            <p>
              Last Updated: 
              2022-06-13
            </p>
          </li>
          <li>
            <a
              class="hover:text-amber-300 block text-blue-600"
              href="mailto:Gabriella58@hotmail.com"
            >
              Gabriella58@hotmail.com
            </a>
          </li>
          <li>
            <a
              class="hover:text-amber-300 block text-blue-600"
              href="http://shallow-gastropod.org"
            >
              Website
            </a>
          </li>
        </ul>
      </li>
      <li
        class="text-left mb-5 bg-white text-black p-3 rounded-2xl px-10 drop-shadow-md hover:bg-gray-100"
      >
        <h1
          class="text-xl font-bold"
        >
          Practitioner
           #
          67
        </h1>
        <ul>
          <li>
            <p>
              ID: 
              6ba911c4-b549-4cd5-9ac4-7172ae5a5d88
            </p>
          </li>
          <li>
            <p>
              Last Updated: 
              2022-06-13
            </p>
          </li>
          <li>
            <a
              class="hover:text-amber-300 block text-blue-600"
              href="mailto:Gabriella58@hotmail.com"
            >
              Gabriella58@hotmail.com
            </a>
          </li>
          <li>
            <a
              class="hover:text-amber-300 block text-blue-600"
              href="http://shallow-gastropod.org"
            >
              Website
            </a>
          </li>
        </ul>
      </li>
      <li
        class="text-left mb-5 bg-white text-black p-3 rounded-2xl px-10 drop-shadow-md hover:bg-gray-100"
      >
        <h1
          class="text-xl font-bold"
        >
          Practitioner
           #
          68
        </h1>
        <ul>
          <li>
            <p>
              ID: 
              6ba911c4-b549-4cd5-9ac4-7172ae5a5d88
            </p>
          </li>
          <li>
            <p>
              Last Updated: 
              2022-06-13
            </p>
          </li>
          <li>
            <a
              class="hover:text-amber-300 block text-blue-600"
              href="mailto:Gabriella58@hotmail.com"
            >
              Gabriella58@hotmail.com
            </a>
          </li>
          <li>
            <a
              class="hover:text-amber-300 block text-blue-600"
              href="http://shallow-gastropod.org"
            >
              Website
            </a>
          </li>
        </ul>
      </li>
      <li
        class="text-left mb-5 bg-white text-black p-3 rounded-2xl px-10 drop-shadow-md hover:bg-gray-100"
      >
        <h1
          class="text-xl font-bold"
        >
          Practitioner
           #
          69
        </h1>
        <ul>
          <li>
            <p>
              ID: 
              6ba911c4-b549-4cd5-9ac4-7172ae5a5d88
            </p>
          </li>
          <li>
            <p>
              Last Updated: 
              2022-06-13
            </p>
          </li>
          <li>
            <a
              class="hover:text-amber-300 block text-blue-600"
              href="mailto:Gabriella58@hotmail.com"
            >
              Gabriella58@hotmail.com
            </a>
          </li>
          <li>
            <a
              class="hover:text-amber-300 block text-blue-600"
              href="http://shallow-gastropod.org"
            >
              Website
            </a>
          </li>
        </ul>
      </li>
      <li
        class="text-left mb-5 bg-white text-black p-3 rounded-2xl px-10 drop-shadow-md hover:bg-gray-100"
      >
        <h1
          class="text-xl font-bold"
        >
          Practitioner
           #
          70
        </h1>
        <ul>
          <li>
            <p>
              ID: 
              6ba911c4-b549-4cd5-9ac4-7172ae5a5d88
            </p>
          </li>
          <li>
            <p>
              Last Updated: 
              2022-06-13
            </p>
          </li>
          <li>
            <a
              class="hover:text-amber-300 block text-blue-600"
              href="mailto:Gabriella58@hotmail.com"
            >
              Gabriella58@hotmail.com
            </a>
          </li>
          <li>
            <a
              class="hover:text-amber-300 block text-blue-600"
              href="http://shallow-gastropod.org"
            >
              Website
            </a>
          </li>
        </ul>
      </li>
      <li
        class="text-left mb-5 bg-white text-black p-3 rounded-2xl px-10 drop-shadow-md hover:bg-gray-100"
      >
        <h1
          class="text-xl font-bold"
        >
          Practitioner
           #
          71
        </h1>
        <ul>
          <li>
            <p>
              ID: 
              6ba911c4-b549-4cd5-9ac4-7172ae5a5d88
            </p>
          </li>
          <li>
            <p>
              Last Updated: 
              2022-06-13
            </p>
          </li>
          <li>
            <a
              class="hover:text-amber-300 block text-blue-600"
              href="mailto:Gabriella58@hotmail.com"
            >
              Gabriella58@hotmail.com
            </a>
          </li>
          <li>
            <a
              class="hover:text-amber-300 block text-blue-600"
              href="http://shallow-gastropod.org"
            >
              Website
            </a>
          </li>
        </ul>
      </li>
      <li
        class="text-left mb-5 bg-white text-black p-3 rounded-2xl px-10 drop-shadow-md hover:bg-gray-100"
      >
        <h1
          class="text-xl font-bold"
        >
          Practitioner
           #
          72
        </h1>
        <ul>
          <li>
            <p>
              ID: 
              6ba911c4-b549-4cd5-9ac4-7172ae5a5d88
            </p>
          </li>
          <li>
            <p>
              Last Updated: 
              2022-06-13
            </p>
          </li>
          <li>
            <a
              class="hover:text-amber-300 block text-blue-600"
              href="mailto:Gabriella58@hotmail.com"
            >
              Gabriella58@hotmail.com
            </a>
          </li>
          <li>
            <a
              class="hover:text-amber-300 block text-blue-600"
              href="http://shallow-gastropod.org"
            >
              Website
            </a>
          </li>
        </ul>
      </li>
      <li
        class="text-left mb-5 bg-white text-black p-3 rounded-2xl px-10 drop-shadow-md hover:bg-gray-100"
      >
        <h1
          class="text-xl font-bold"
        >
          Practitioner
           #
          73
        </h1>
        <ul>
          <li>
            <p>
              ID: 
              6ba911c4-b549-4cd5-9ac4-7172ae5a5d88
            </p>
          </li>
          <li>
            <p>
              Last Updated: 
              2022-06-13
            </p>
          </li>
          <li>
            <a
              class="hover:text-amber-300 block text-blue-600"
              href="mailto:Gabriella58@hotmail.com"
            >
              Gabriella58@hotmail.com
            </a>
          </li>
          <li>
            <a
              class="hover:text-amber-300 block text-blue-600"
              href="http://shallow-gastropod.org"
            >
              Website
            </a>
          </li>
        </ul>
      </li>
      <li
        class="text-left mb-5 bg-white text-black p-3 rounded-2xl px-10 drop-shadow-md hover:bg-gray-100"
      >
        <h1
          class="text-xl font-bold"
        >
          Practitioner
           #
          74
        </h1>
        <ul>
          <li>
            <p>
              ID: 
              6ba911c4-b549-4cd5-9ac4-7172ae5a5d88
            </p>
          </li>
          <li>
            <p>
              Last Updated: 
              2022-06-13
            </p>
          </li>
          <li>
            <a
              class="hover:text-amber-300 block text-blue-600"
              href="mailto:Gabriella58@hotmail.com"
            >
              Gabriella58@hotmail.com
            </a>
          </li>
          <li>
            <a
              class="hover:text-amber-300 block text-blue-600"
              href="http://shallow-gastropod.org"
            >
              Website
            </a>
          </li>
        </ul>
      </li>
      <li
        class="text-left mb-5 bg-white text-black p-3 rounded-2xl px-10 drop-shadow-md hover:bg-gray-100"
      >
        <h1
          class="text-xl font-bold"
        >
          Practitioner
           #
          75
        </h1>
        <ul>
          <li>
            <p>
              ID: 
              6ba911c4-b549-4cd5-9ac4-7172ae5a5d88
            </p>
          </li>
          <li>
            <p>
              Last Updated: 
              2022-06-13
            </p>
          </li>
          <li>
            <a
              class="hover:text-amber-300 block text-blue-600"
              href="mailto:Gabriella58@hotmail.com"
            >
              Gabriella58@hotmail.com
            </a>
          </li>
          <li>
            <a
              class="hover:text-amber-300 block text-blue-600"
              href="http://shallow-gastropod.org"
            >
              Website
            </a>
          </li>
        </ul>
      </li>
      <li
        class="text-left mb-5 bg-white text-black p-3 rounded-2xl px-10 drop-shadow-md hover:bg-gray-100"
      >
        <h1
          class="text-xl font-bold"
        >
          Practitioner
           #
          76
        </h1>
        <ul>
          <li>
            <p>
              ID: 
              6ba911c4-b549-4cd5-9ac4-7172ae5a5d88
            </p>
          </li>
          <li>
            <p>
              Last Updated: 
              2022-06-13
            </p>
          </li>
          <li>
            <a
              class="hover:text-amber-300 block text-blue-600"
              href="mailto:Gabriella58@hotmail.com"
            >
              Gabriella58@hotmail.com
            </a>
          </li>
          <li>
            <a
              class="hover:text-amber-300 block text-blue-600"
              href="http://shallow-gastropod.org"
            >
              Website
            </a>
          </li>
        </ul>
      </li>
      <li
        class="text-left mb-5 bg-white text-black p-3 rounded-2xl px-10 drop-shadow-md hover:bg-gray-100"
      >
        <h1
          class="text-xl font-bold"
        >
          Practitioner
           #
          77
        </h1>
        <ul>
          <li>
            <p>
              ID: 
              6ba911c4-b549-4cd5-9ac4-7172ae5a5d88
            </p>
          </li>
          <li>
            <p>
              Last Updated: 
              2022-06-13
            </p>
          </li>
          <li>
            <a
              class="hover:text-amber-300 block text-blue-600"
              href="mailto:Gabriella58@hotmail.com"
            >
              Gabriella58@hotmail.com
            </a>
          </li>
          <li>
            <a
              class="hover:text-amber-300 block text-blue-600"
              href="http://shallow-gastropod.org"
            >
              Website
            </a>
          </li>
        </ul>
      </li>
      <li
        class="text-left mb-5 bg-white text-black p-3 rounded-2xl px-10 drop-shadow-md hover:bg-gray-100"
      >
        <h1
          class="text-xl font-bold"
        >
          Practitioner
           #
          78
        </h1>
        <ul>
          <li>
            <p>
              ID: 
              6ba911c4-b549-4cd5-9ac4-7172ae5a5d88
            </p>
          </li>
          <li>
            <p>
              Last Updated: 
              2022-06-13
            </p>
          </li>
          <li>
            <a
              class="hover:text-amber-300 block text-blue-600"
              href="mailto:Gabriella58@hotmail.com"
            >
              Gabriella58@hotmail.com
            </a>
          </li>
          <li>
            <a
              class="hover:text-amber-300 block text-blue-600"
              href="http://shallow-gastropod.org"
            >
              Website
            </a>
          </li>
        </ul>
      </li>
      <li
        class="text-left mb-5 bg-white text-black p-3 rounded-2xl px-10 drop-shadow-md hover:bg-gray-100"
      >
        <h1
          class="text-xl font-bold"
        >
          Practitioner
           #
          79
        </h1>
        <ul>
          <li>
            <p>
              ID: 
              6ba911c4-b549-4cd5-9ac4-7172ae5a5d88
            </p>
          </li>
          <li>
            <p>
              Last Updated: 
              2022-06-13
            </p>
          </li>
          <li>
            <a
              class="hover:text-amber-300 block text-blue-600"
              href="mailto:Gabriella58@hotmail.com"
            >
              Gabriella58@hotmail.com
            </a>
          </li>
          <li>
            <a
              class="hover:text-amber-300 block text-blue-600"
              href="http://shallow-gastropod.org"
            >
              Website
            </a>
          </li>
        </ul>
      </li>
      <li
        class="text-left mb-5 bg-white text-black p-3 rounded-2xl px-10 drop-shadow-md hover:bg-gray-100"
      >
        <h1
          class="text-xl font-bold"
        >
          Practitioner
           #
          80
        </h1>
        <ul>
          <li>
            <p>
              ID: 
              6ba911c4-b549-4cd5-9ac4-7172ae5a5d88
            </p>
          </li>
          <li>
            <p>
              Last Updated: 
              2022-06-13
            </p>
          </li>
          <li>
            <a
              class="hover:text-amber-300 block text-blue-600"
              href="mailto:Gabriella58@hotmail.com"
            >
              Gabriella58@hotmail.com
            </a>
          </li>
          <li>
            <a
              class="hover:text-amber-300 block text-blue-600"
              href="http://shallow-gastropod.org"
            >
              Website
            </a>
          </li>
        </ul>
      </li>
      <li
        class="text-left mb-5 bg-white text-black p-3 rounded-2xl px-10 drop-shadow-md hover:bg-gray-100"
      >
        <h1
          class="text-xl font-bold"
        >
          Practitioner
           #
          81
        </h1>
        <ul>
          <li>
            <p>
              ID: 
              6ba911c4-b549-4cd5-9ac4-7172ae5a5d88
            </p>
          </li>
          <li>
            <p>
              Last Updated: 
              2022-06-13
            </p>
          </li>
          <li>
            <a
              class="hover:text-amber-300 block text-blue-600"
              href="mailto:Gabriella58@hotmail.com"
            >
              Gabriella58@hotmail.com
            </a>
          </li>
          <li>
            <a
              class="hover:text-amber-300 block text-blue-600"
              href="http://shallow-gastropod.org"
            >
              Website
            </a>
          </li>
        </ul>
      </li>
      <li
        class="text-left mb-5 bg-white text-black p-3 rounded-2xl px-10 drop-shadow-md hover:bg-gray-100"
      >
        <h1
          class="text-xl font-bold"
        >
          Practitioner
           #
          82
        </h1>
        <ul>
          <li>
            <p>
              ID: 
              6ba911c4-b549-4cd5-9ac4-7172ae5a5d88
            </p>
          </li>
          <li>
            <p>
              Last Updated: 
              2022-06-13
            </p>
          </li>
          <li>
            <a
              class="hover:text-amber-300 block text-blue-600"
              href="mailto:Gabriella58@hotmail.com"
            >
              Gabriella58@hotmail.com
            </a>
          </li>
          <li>
            <a
              class="hover:text-amber-300 block text-blue-600"
              href="http://shallow-gastropod.org"
            >
              Website
            </a>
          </li>
        </ul>
      </li>
      <li
        class="text-left mb-5 bg-white text-black p-3 rounded-2xl px-10 drop-shadow-md hover:bg-gray-100"
      >
        <h1
          class="text-xl font-bold"
        >
          Practitioner
           #
          83
        </h1>
        <ul>
          <li>
            <p>
              ID: 
              6ba911c4-b549-4cd5-9ac4-7172ae5a5d88
            </p>
          </li>
          <li>
            <p>
              Last Updated: 
              2022-06-13
            </p>
          </li>
          <li>
            <a
              class="hover:text-amber-300 block text-blue-600"
              href="mailto:Gabriella58@hotmail.com"
            >
              Gabriella58@hotmail.com
            </a>
          </li>
          <li>
            <a
              class="hover:text-amber-300 block text-blue-600"
              href="http://shallow-gastropod.org"
            >
              Website
            </a>
          </li>
        </ul>
      </li>
      <li
        class="text-left mb-5 bg-white text-black p-3 rounded-2xl px-10 drop-shadow-md hover:bg-gray-100"
      >
        <h1
          class="text-xl font-bold"
        >
          Practitioner
           #
          84
        </h1>
        <ul>
          <li>
            <p>
              ID: 
              6ba911c4-b549-4cd5-9ac4-7172ae5a5d88
            </p>
          </li>
          <li>
            <p>
              Last Updated: 
              2022-06-13
            </p>
          </li>
          <li>
            <a
              class="hover:text-amber-300 block text-blue-600"
              href="mailto:Gabriella58@hotmail.com"
            >
              Gabriella58@hotmail.com
            </a>
          </li>
          <li>
            <a
              class="hover:text-amber-300 block text-blue-600"
              href="http://shallow-gastropod.org"
            >
              Website
            </a>
          </li>
        </ul>
      </li>
      <li
        class="text-left mb-5 bg-white text-black p-3 rounded-2xl px-10 drop-shadow-md hover:bg-gray-100"
      >
        <h1
          class="text-xl font-bold"
        >
          Practitioner
           #
          85
        </h1>
        <ul>
          <li>
            <p>
              ID: 
              6ba911c4-b549-4cd5-9ac4-7172ae5a5d88
            </p>
          </li>
          <li>
            <p>
              Last Updated: 
              2022-06-13
            </p>
          </li>
          <li>
            <a
              class="hover:text-amber-300 block text-blue-600"
              href="mailto:Gabriella58@hotmail.com"
            >
              Gabriella58@hotmail.com
            </a>
          </li>
          <li>
            <a
              class="hover:text-amber-300 block text-blue-600"
              href="http://shallow-gastropod.org"
            >
              Website
            </a>
          </li>
        </ul>
      </li>
      <li
        class="text-left mb-5 bg-white text-black p-3 rounded-2xl px-10 drop-shadow-md hover:bg-gray-100"
      >
        <h1
          class="text-xl font-bold"
        >
          Practitioner
           #
          86
        </h1>
        <ul>
          <li>
            <p>
              ID: 
              6ba911c4-b549-4cd5-9ac4-7172ae5a5d88
            </p>
          </li>
          <li>
            <p>
              Last Updated: 
              2022-06-13
            </p>
          </li>
          <li>
            <a
              class="hover:text-amber-300 block text-blue-600"
              href="mailto:Gabriella58@hotmail.com"
            >
              Gabriella58@hotmail.com
            </a>
          </li>
          <li>
            <a
              class="hover:text-amber-300 block text-blue-600"
              href="http://shallow-gastropod.org"
            >
              Website
            </a>
          </li>
        </ul>
      </li>
      <li
        class="text-left mb-5 bg-white text-black p-3 rounded-2xl px-10 drop-shadow-md hover:bg-gray-100"
      >
        <h1
          class="text-xl font-bold"
        >
          Practitioner
           #
          87
        </h1>
        <ul>
          <li>
            <p>
              ID: 
              6ba911c4-b549-4cd5-9ac4-7172ae5a5d88
            </p>
          </li>
          <li>
            <p>
              Last Updated: 
              2022-06-13
            </p>
          </li>
          <li>
            <a
              class="hover:text-amber-300 block text-blue-600"
              href="mailto:Gabriella58@hotmail.com"
            >
              Gabriella58@hotmail.com
            </a>
          </li>
          <li>
            <a
              class="hover:text-amber-300 block text-blue-600"
              href="http://shallow-gastropod.org"
            >
              Website
            </a>
          </li>
        </ul>
      </li>
      <li
        class="text-left mb-5 bg-white text-black p-3 rounded-2xl px-10 drop-shadow-md hover:bg-gray-100"
      >
        <h1
          class="text-xl font-bold"
        >
          Practitioner
           #
          88
        </h1>
        <ul>
          <li>
            <p>
              ID: 
              6ba911c4-b549-4cd5-9ac4-7172ae5a5d88
            </p>
          </li>
          <li>
            <p>
              Last Updated: 
              2022-06-13
            </p>
          </li>
          <li>
            <a
              class="hover:text-amber-300 block text-blue-600"
              href="mailto:Gabriella58@hotmail.com"
            >
              Gabriella58@hotmail.com
            </a>
          </li>
          <li>
            <a
              class="hover:text-amber-300 block text-blue-600"
              href="http://shallow-gastropod.org"
            >
              Website
            </a>
          </li>
        </ul>
      </li>
      <li
        class="text-left mb-5 bg-white text-black p-3 rounded-2xl px-10 drop-shadow-md hover:bg-gray-100"
      >
        <h1
          class="text-xl font-bold"
        >
          Practitioner
           #
          89
        </h1>
        <ul>
          <li>
            <p>
              ID: 
              6ba911c4-b549-4cd5-9ac4-7172ae5a5d88
            </p>
          </li>
          <li>
            <p>
              Last Updated: 
              2022-06-13
            </p>
          </li>
          <li>
            <a
              class="hover:text-amber-300 block text-blue-600"
              href="mailto:Gabriella58@hotmail.com"
            >
              Gabriella58@hotmail.com
            </a>
          </li>
          <li>
            <a
              class="hover:text-amber-300 block text-blue-600"
              href="http://shallow-gastropod.org"
            >
              Website
            </a>
          </li>
        </ul>
      </li>
      <li
        class="text-left mb-5 bg-white text-black p-3 rounded-2xl px-10 drop-shadow-md hover:bg-gray-100"
      >
        <h1
          class="text-xl font-bold"
        >
          Practitioner
           #
          90
        </h1>
        <ul>
          <li>
            <p>
              ID: 
              6ba911c4-b549-4cd5-9ac4-7172ae5a5d88
            </p>
          </li>
          <li>
            <p>
              Last Updated: 
              2022-06-13
            </p>
          </li>
          <li>
            <a
              class="hover:text-amber-300 block text-blue-600"
              href="mailto:Gabriella58@hotmail.com"
            >
              Gabriella58@hotmail.com
            </a>
          </li>
          <li>
            <a
              class="hover:text-amber-300 block text-blue-600"
              href="http://shallow-gastropod.org"
            >
              Website
            </a>
          </li>
        </ul>
      </li>
      <li
        class="text-left mb-5 bg-white text-black p-3 rounded-2xl px-10 drop-shadow-md hover:bg-gray-100"
      >
        <h1
          class="text-xl font-bold"
        >
          Practitioner
           #
          91
        </h1>
        <ul>
          <li>
            <p>
              ID: 
              6ba911c4-b549-4cd5-9ac4-7172ae5a5d88
            </p>
          </li>
          <li>
            <p>
              Last Updated: 
              2022-06-13
            </p>
          </li>
          <li>
            <a
              class="hover:text-amber-300 block text-blue-600"
              href="mailto:Gabriella58@hotmail.com"
            >
              Gabriella58@hotmail.com
            </a>
          </li>
          <li>
            <a
              class="hover:text-amber-300 block text-blue-600"
              href="http://shallow-gastropod.org"
            >
              Website
            </a>
          </li>
        </ul>
      </li>
      <li
        class="text-left mb-5 bg-white text-black p-3 rounded-2xl px-10 drop-shadow-md hover:bg-gray-100"
      >
        <h1
          class="text-xl font-bold"
        >
          Practitioner
           #
          92
        </h1>
        <ul>
          <li>
            <p>
              ID: 
              6ba911c4-b549-4cd5-9ac4-7172ae5a5d88
            </p>
          </li>
          <li>
            <p>
              Last Updated: 
              2022-06-13
            </p>
          </li>
          <li>
            <a
              class="hover:text-amber-300 block text-blue-600"
              href="mailto:Gabriella58@hotmail.com"
            >
              Gabriella58@hotmail.com
            </a>
          </li>
          <li>
            <a
              class="hover:text-amber-300 block text-blue-600"
              href="http://shallow-gastropod.org"
            >
              Website
            </a>
          </li>
        </ul>
      </li>
      <li
        class="text-left mb-5 bg-white text-black p-3 rounded-2xl px-10 drop-shadow-md hover:bg-gray-100"
      >
        <h1
          class="text-xl font-bold"
        >
          Practitioner
           #
          93
        </h1>
        <ul>
          <li>
            <p>
              ID: 
              6ba911c4-b549-4cd5-9ac4-7172ae5a5d88
            </p>
          </li>
          <li>
            <p>
              Last Updated: 
              2022-06-13
            </p>
          </li>
          <li>
            <a
              class="hover:text-amber-300 block text-blue-600"
              href="mailto:Gabriella58@hotmail.com"
            >
              Gabriella58@hotmail.com
            </a>
          </li>
          <li>
            <a
              class="hover:text-amber-300 block text-blue-600"
              href="http://shallow-gastropod.org"
            >
              Website
            </a>
          </li>
        </ul>
      </li>
      <li
        class="text-left mb-5 bg-white text-black p-3 rounded-2xl px-10 drop-shadow-md hover:bg-gray-100"
      >
        <h1
          class="text-xl font-bold"
        >
          Practitioner
           #
          94
        </h1>
        <ul>
          <li>
            <p>
              ID: 
              6ba911c4-b549-4cd5-9ac4-7172ae5a5d88
            </p>
          </li>
          <li>
            <p>
              Last Updated: 
              2022-06-13
            </p>
          </li>
          <li>
            <a
              class="hover:text-amber-300 block text-blue-600"
              href="mailto:Gabriella58@hotmail.com"
            >
              Gabriella58@hotmail.com
            </a>
          </li>
          <li>
            <a
              class="hover:text-amber-300 block text-blue-600"
              href="http://shallow-gastropod.org"
            >
              Website
            </a>
          </li>
        </ul>
      </li>
      <li
        class="text-left mb-5 bg-white text-black p-3 rounded-2xl px-10 drop-shadow-md hover:bg-gray-100"
      >
        <h1
          class="text-xl font-bold"
        >
          Practitioner
           #
          95
        </h1>
        <ul>
          <li>
            <p>
              ID: 
              6ba911c4-b549-4cd5-9ac4-7172ae5a5d88
            </p>
          </li>
          <li>
            <p>
              Last Updated: 
              2022-06-13
            </p>
          </li>
          <li>
            <a
              class="hover:text-amber-300 block text-blue-600"
              href="mailto:Gabriella58@hotmail.com"
            >
              Gabriella58@hotmail.com
            </a>
          </li>
          <li>
            <a
              class="hover:text-amber-300 block text-blue-600"
              href="http://shallow-gastropod.org"
            >
              Website
            </a>
          </li>
        </ul>
      </li>
      <li
        class="text-left mb-5 bg-white text-black p-3 rounded-2xl px-10 drop-shadow-md hover:bg-gray-100"
      >
        <h1
          class="text-xl font-bold"
        >
          Practitioner
           #
          96
        </h1>
        <ul>
          <li>
            <p>
              ID: 
              6ba911c4-b549-4cd5-9ac4-7172ae5a5d88
            </p>
          </li>
          <li>
            <p>
              Last Updated: 
              2022-06-13
            </p>
          </li>
          <li>
            <a
              class="hover:text-amber-300 block text-blue-600"
              href="mailto:Gabriella58@hotmail.com"
            >
              Gabriella58@hotmail.com
            </a>
          </li>
          <li>
            <a
              class="hover:text-amber-300 block text-blue-600"
              href="http://shallow-gastropod.org"
            >
              Website
            </a>
          </li>
        </ul>
      </li>
      <li
        class="text-left mb-5 bg-white text-black p-3 rounded-2xl px-10 drop-shadow-md hover:bg-gray-100"
      >
        <h1
          class="text-xl font-bold"
        >
          Practitioner
           #
          97
        </h1>
        <ul>
          <li>
            <p>
              ID: 
              6ba911c4-b549-4cd5-9ac4-7172ae5a5d88
            </p>
          </li>
          <li>
            <p>
              Last Updated: 
              2022-06-13
            </p>
          </li>
          <li>
            <a
              class="hover:text-amber-300 block text-blue-600"
              href="mailto:Gabriella58@hotmail.com"
            >
              Gabriella58@hotmail.com
            </a>
          </li>
          <li>
            <a
              class="hover:text-amber-300 block text-blue-600"
              href="http://shallow-gastropod.org"
            >
              Website
            </a>
          </li>
        </ul>
      </li>
      <li
        class="text-left mb-5 bg-white text-black p-3 rounded-2xl px-10 drop-shadow-md hover:bg-gray-100"
      >
        <h1
          class="text-xl font-bold"
        >
          Practitioner
           #
          98
        </h1>
        <ul>
          <li>
            <p>
              ID: 
              6ba911c4-b549-4cd5-9ac4-7172ae5a5d88
            </p>
          </li>
          <li>
            <p>
              Last Updated: 
              2022-06-13
            </p>
          </li>
          <li>
            <a
              class="hover:text-amber-300 block text-blue-600"
              href="mailto:Gabriella58@hotmail.com"
            >
              Gabriella58@hotmail.com
            </a>
          </li>
          <li>
            <a
              class="hover:text-amber-300 block text-blue-600"
              href="http://shallow-gastropod.org"
            >
              Website
            </a>
          </li>
        </ul>
      </li>
      <li
        class="text-left mb-5 bg-white text-black p-3 rounded-2xl px-10 drop-shadow-md hover:bg-gray-100"
      >
        <h1
          class="text-xl font-bold"
        >
          Practitioner
           #
          99
        </h1>
        <ul>
          <li>
            <p>
              ID: 
              6ba911c4-b549-4cd5-9ac4-7172ae5a5d88
            </p>
          </li>
          <li>
            <p>
              Last Updated: 
              2022-06-13
            </p>
          </li>
          <li>
            <a
              class="hover:text-amber-300 block text-blue-600"
              href="mailto:Gabriella58@hotmail.com"
            >
              Gabriella58@hotmail.com
            </a>
          </li>
          <li>
            <a
              class="hover:text-amber-300 block text-blue-600"
              href="http://shallow-gastropod.org"
            >
              Website
            </a>
          </li>
        </ul>
      </li>
      <li
        class="text-left mb-5 bg-white text-black p-3 rounded-2xl px-10 drop-shadow-md hover:bg-gray-100"
      >
        <h1
          class="text-xl font-bold"
        >
          Practitioner
           #
          100
        </h1>
        <ul>
          <li>
            <p>
              ID: 
              6ba911c4-b549-4cd5-9ac4-7172ae5a5d88
            </p>
          </li>
          <li>
            <p>
              Last Updated: 
              2022-06-13
            </p>
          </li>
          <li>
            <a
              class="hover:text-amber-300 block text-blue-600"
              href="mailto:Gabriella58@hotmail.com"
            >
              Gabriella58@hotmail.com
            </a>
          </li>
          <li>
            <a
              class="hover:text-amber-300 block text-blue-600"
              href="http://shallow-gastropod.org"
            >
              Website
            </a>
          </li>
        </ul>
      </li>
    </ul>
  </div>
</body>
`;
